// Jest Snapshot v1, https://goo.gl/fbAQLP

exports[`PokemonPage Component debe de hacer match con el snapshot 1`] = `<h1>Espere por favor ...</h1>`;
